.NET Framework 的 MSBuild 版本 17.14.14+a129329f1

  DX9Sample.vcxproj -> C:\Users\james\Documents\DX9Sample\test\DX9Sample.exe
